окно 2026-07-02 … 2026-09-29 (90 суток), монет 8, таймфреймов 1

  BTCUSDT   15m  сделок   968  месяцев фандинга 2 (+1 нет в архиве)
  ETHUSDT   15m  сделок   939  месяцев фандинга 2 (+1 нет в архиве)
  SOLUSDT   15m  сделок   861  месяцев фандинга 2 (+1 нет в архиве)
  XRPUSDT   15m  сделок   842  месяцев фандинга 2 (+1 нет в архиве)
  DOGEUSDT  15m  сделок   830  месяцев фандинга 2 (+1 нет в архиве)
  ADAUSDT   15m  сделок   918  месяцев фандинга 2 (+1 нет в архиве)
  LINKUSDT  15m  сделок   793  месяцев фандинга 2 (+1 нет в архиве)
  AVAXUSDT  15m  сделок   844  месяцев фандинга 2 (+1 нет в архиве)

формация                 ТФ    сделок  цель %        R  издержки    R net       p  значимо
trendline_bounce         15m      100    62.0   +0.876     0.468   +0.408  0.0060       да
structure_break          15m       92    39.1   -0.043     0.064   -0.106  0.1774      нет
bounce                   15m      363     7.4   -0.048     0.140   -0.187  0.0055       да
breakout                 15m     1452    45.5   -0.038     0.155   -0.193  0.0000       да
retest                   15m     3835    53.3   -0.079     0.120   -0.199  0.0000       да
volume_splash            15m      473    15.6   -0.124     0.178   -0.302  0.0000       да
liquidity_sweep          15m      484    31.8   +0.012     0.348   -0.336  0.0000       да
absorption               15m      196    27.0   -0.009     0.394   -0.403  0.0000       да

сравнений 8, из них с плюсом 1; после поправки на перебор (FDR 0.05) значимых 7 — из них с плюсом 1.
«—» в столбце значимости — строка в счёт не вошла: сделок меньше 30 или нет разброса R по сделкам.

записано строк: 8 → /tmp/tf-15m.db
