окно 2023-10-01 … 2026-09-29 (1095 суток), монет 8, таймфреймов 1

  BTCUSDT   1d   сделок   199  месяцев фандинга 35 (+1 нет в архиве)
  ETHUSDT   1d   сделок   138  месяцев фандинга 35 (+1 нет в архиве)
  SOLUSDT   1d   сделок   161  месяцев фандинга 35 (+1 нет в архиве)
  XRPUSDT   1d   сделок   126  месяцев фандинга 35 (+1 нет в архиве)
  DOGEUSDT  1d   сделок   171  месяцев фандинга 35 (+1 нет в архиве)
  ADAUSDT   1d   сделок   137  месяцев фандинга 35 (+1 нет в архиве)
  LINKUSDT  1d   сделок   180  месяцев фандинга 35 (+1 нет в архиве)
  AVAXUSDT  1d   сделок   139  месяцев фандинга 35 (+1 нет в архиве)

формация                 ТФ    сделок  цель %        R  издержки    R net       p  значимо
trendline_bounce         1d         2   100.0   +2.000     0.059   +1.941  0.0068        —
volume_splash            1d        88    29.6   +0.444     0.029   +0.415  0.0335      нет
liquidity_sweep          1d       178    33.7   +0.139     0.023   +0.115  0.2759      нет
structure_break          1d       135    58.5   +0.119     0.009   +0.111  0.0831      нет
breakout                 1d       476    48.1   +0.046     0.030   +0.016  0.7980      нет
retest                   1d       341    44.9   -0.070     0.028   -0.098  0.1255      нет
bounce                   1d        30     3.3   -0.293     0.022   -0.315  0.3965      нет
absorption               1d         1     0.0   -1.000     0.007   -1.007       —        —

сравнений 6, из них с плюсом 4; после поправки на перебор (FDR 0.05) значимых 0 — из них с плюсом 0.
«—» в столбце значимости — строка в счёт не вошла: сделок меньше 30 или нет разброса R по сделкам.

записано строк: 8 → /tmp/tf-1d-step1.db
