окно 2023-10-01 … 2026-09-29 (1095 суток), монет 8, таймфреймов 1

  BTCUSDT   1d   сделок   101  месяцев фандинга 35 (+1 нет в архиве)
  ETHUSDT   1d   сделок    68  месяцев фандинга 35 (+1 нет в архиве)
  SOLUSDT   1d   сделок    89  месяцев фандинга 35 (+1 нет в архиве)
  XRPUSDT   1d   сделок    60  месяцев фандинга 35 (+1 нет в архиве)
  DOGEUSDT  1d   сделок    88  месяцев фандинга 35 (+1 нет в архиве)
  ADAUSDT   1d   сделок    76  месяцев фандинга 35 (+1 нет в архиве)
  LINKUSDT  1d   сделок    94  месяцев фандинга 35 (+1 нет в архиве)
  AVAXUSDT  1d   сделок    69  месяцев фандинга 35 (+1 нет в архиве)

формация                 ТФ    сделок  цель %        R  издержки    R net       p  значимо
trendline_bounce         1d         2   100.0   +2.000     0.059   +1.941  0.0068        —
volume_splash            1d        39    30.8   +0.279     0.028   +0.250  0.3897      нет
structure_break          1d        56    55.4   +0.068     0.008   +0.059  0.5444      нет
breakout                 1d       260    44.2   +0.016     0.031   -0.014  0.8665      нет
retest                   1d       189    45.0   -0.059     0.025   -0.084  0.3380      нет
liquidity_sweep          1d        83    24.1   -0.151     0.022   -0.173  0.2304      нет
bounce                   1d        15     0.0   -0.649     0.015   -0.663  0.0809        —
absorption               1d         1     0.0   -1.000     0.013   -1.012       —        —

сравнений 5, из них с плюсом 2; после поправки на перебор (FDR 0.05) значимых 0 — из них с плюсом 0.
«—» в столбце значимости — строка в счёт не вошла: сделок меньше 30 или нет разброса R по сделкам.

записано строк: 8 → /tmp/tf-1d.db
