окно 2026-08-16 … 2026-09-29 (45 суток), монет 8, таймфреймов 3

  BTCUSDT   5m   сделок   481  месяцев фандинга 1 (+1 нет в архиве)
  BTCUSDT   15m  сделок   388  месяцев фандинга 1 (+1 нет в архиве)
  BTCUSDT   1h   сделок   304  месяцев фандинга 1 (+1 нет в архиве)
  ETHUSDT   5m   сделок   448  месяцев фандинга 1 (+1 нет в архиве)
  ETHUSDT   15m  сделок   434  месяцев фандинга 1 (+1 нет в архиве)
  ETHUSDT   1h   сделок   231  месяцев фандинга 1 (+1 нет в архиве)
  SOLUSDT   5m   сделок   453  месяцев фандинга 1 (+1 нет в архиве)
  SOLUSDT   15m  сделок   352  месяцев фандинга 1 (+1 нет в архиве)
  SOLUSDT   1h   сделок   292  месяцев фандинга 1 (+1 нет в архиве)
  XRPUSDT   5m   сделок   490  месяцев фандинга 1 (+1 нет в архиве)
  XRPUSDT   15m  сделок   382  месяцев фандинга 1 (+1 нет в архиве)
  XRPUSDT   1h   сделок   248  месяцев фандинга 1 (+1 нет в архиве)
  DOGEUSDT  5m   сделок   443  месяцев фандинга 1 (+1 нет в архиве)
  DOGEUSDT  15m  сделок   358  месяцев фандинга 1 (+1 нет в архиве)
  DOGEUSDT  1h   сделок   223  месяцев фандинга 1 (+1 нет в архиве)
  ADAUSDT   5m   сделок   460  месяцев фандинга 1 (+1 нет в архиве)
  ADAUSDT   15m  сделок   361  месяцев фандинга 1 (+1 нет в архиве)
  ADAUSDT   1h   сделок   294  месяцев фандинга 1 (+1 нет в архиве)
  LINKUSDT  5m   сделок   454  месяцев фандинга 1 (+1 нет в архиве)
  LINKUSDT  15m  сделок   340  месяцев фандинга 1 (+1 нет в архиве)
  LINKUSDT  1h   сделок   237  месяцев фандинга 1 (+1 нет в архиве)
  AVAXUSDT  5m   сделок   421  месяцев фандинга 1 (+1 нет в архиве)
  AVAXUSDT  15m  сделок   342  месяцев фандинга 1 (+1 нет в архиве)
  AVAXUSDT  1h   сделок   227  месяцев фандинга 1 (+1 нет в архиве)

формация                 ТФ    сделок  цель %        R  издержки    R net       p  значимо
trendline_bounce         1h        19    84.2   +1.526     0.269   +1.257  0.0001        —
trendline_bounce         15m       36    72.2   +1.167     0.461   +0.705  0.0039       да
absorption               15m       56    46.4   +0.562     0.388   +0.174  0.3935      нет
structure_break          15m       51    52.9   +0.159     0.053   +0.106  0.3071      нет
trendline_bounce         5m        76    54.0   +0.708     0.694   +0.014  0.9326      нет
structure_break          5m        33    39.4   +0.024     0.078   -0.053  0.7025      нет
liquidity_sweep          1h       151    31.1   +0.062     0.125   -0.063  0.5795      нет
bounce                   5m       154    14.9   +0.143     0.210   -0.067  0.5205      нет
volume_splash            1h       201    15.4   +0.017     0.084   -0.067  0.5590      нет
breakout                 15m      683    46.1   +0.038     0.146   -0.107  0.0214       да
bounce                   1h       154    13.0   -0.034     0.089   -0.123  0.3119      нет
breakout                 1h       501    39.7   -0.061     0.100   -0.162  0.0038       да
retest                   15m     1484    53.0   -0.053     0.114   -0.168  0.0000       да
liquidity_sweep          15m      246    35.0   +0.118     0.286   -0.168  0.0658      нет
bounce                   15m      131    10.7   -0.054     0.136   -0.190  0.1418      нет
volume_splash            15m      270    15.6   -0.085     0.149   -0.234  0.0062       да
retest                   5m      2183    57.6   -0.077     0.167   -0.244  0.0000       да
breakout                 5m       760    50.7   -0.074     0.218   -0.293  0.0000       да
retest                   1h       898    42.6   -0.239     0.080   -0.319  0.0000       да
structure_break          1h       120    29.2   -0.289     0.034   -0.323  0.0000       да
absorption               1h        12    25.0   -0.250     0.136   -0.386  0.3532        —
volume_splash            5m       132    12.1   -0.176     0.213   -0.389  0.0005       да
liquidity_sweep          5m       211    30.8   -0.054     0.513   -0.567  0.0000       да
absorption               5m       101    29.7   -0.052     0.550   -0.603  0.0000       да

сравнений 22, из них с плюсом 4; после поправки на перебор (FDR 0.05) значимых 12 — из них с плюсом 1.
«—» в столбце значимости — строка в счёт не вошла: сделок меньше 30 или нет разброса R по сделкам.

записано строк: 24 → /mnt/data/projects/crypto-exchange/data/screener.db
