окно 2026-04-03 … 2026-09-29 (180 суток), монет 8, таймфреймов 1

  BTCUSDT   1h   сделок  1444  месяцев фандинга 5 (+1 нет в архиве)
  ETHUSDT   1h   сделок  1275  месяцев фандинга 5 (+1 нет в архиве)
  SOLUSDT   1h   сделок  1416  месяцев фандинга 5 (+1 нет в архиве)
  XRPUSDT   1h   сделок  1604  месяцев фандинга 5 (+1 нет в архиве)
  DOGEUSDT  1h   сделок  1320  месяцев фандинга 5 (+1 нет в архиве)
  ADAUSDT   1h   сделок  1261  месяцев фандинга 5 (+1 нет в архиве)
  LINKUSDT  1h   сделок  1253  месяцев фандинга 5 (+1 нет в архиве)
  AVAXUSDT  1h   сделок   989  месяцев фандинга 5 (+1 нет в архиве)

формация                 ТФ    сделок  цель %        R  издержки    R net       p  значимо
trendline_bounce         1h       133    74.4   +1.233     0.322   +0.911  0.0000       да
absorption               1h       115    36.5   +0.197     0.169   +0.028  0.8337      нет
zakol                    1h         3     0.0   -0.065     0.045   -0.109  0.9175        —
structure_break          1h       322    39.1   -0.075     0.038   -0.113  0.0056       да
liquidity_sweep          1h       852    31.5   +0.020     0.170   -0.150  0.0017       да
breakout                 1h      2560    42.0   -0.067     0.104   -0.171  0.0000       да
retest                   1h      4956    50.6   -0.101     0.083   -0.184  0.0000       да
volume_splash            1h       982    15.9   -0.085     0.102   -0.187  0.0002       да
bounce                   1h       639     6.9   -0.132     0.090   -0.222  0.0001       да

сравнений 8, из них с плюсом 2; после поправки на перебор (FDR 0.05) значимых 7 — из них с плюсом 1.
«—» в столбце значимости — строка в счёт не вошла: сделок меньше 30 или нет разброса R по сделкам.

записано строк: 9 → /tmp/tf-1h.db
