окно 2025-09-30 … 2026-09-29 (365 суток), монет 8, таймфреймов 1

  BTCUSDT   4h   сделок   652  месяцев фандинга 12 (+1 нет в архиве)
  ETHUSDT   4h   сделок   607  месяцев фандинга 12 (+1 нет в архиве)
  SOLUSDT   4h   сделок   494  месяцев фандинга 12 (+1 нет в архиве)
  XRPUSDT   4h   сделок   462  месяцев фандинга 12 (+1 нет в архиве)
  DOGEUSDT  4h   сделок   530  месяцев фандинга 12 (+1 нет в архиве)
  ADAUSDT   4h   сделок   491  месяцев фандинга 12 (+1 нет в архиве)
  LINKUSDT  4h   сделок   614  месяцев фандинга 12 (+1 нет в архиве)
  AVAXUSDT  4h   сделок   387  месяцев фандинга 12 (+1 нет в архиве)

формация                 ТФ    сделок  цель %        R  издержки    R net       p  значимо
zakol                    4h         1     0.0   +3.212     0.037   +3.175       —        —
trendline_bounce         4h         3    66.7   +1.000     0.179   +0.821  0.5013        —
absorption               4h        13    38.5   +0.288     0.061   +0.227  0.5854        —
volume_splash            4h       333    22.2   +0.175     0.043   +0.132  0.1573      нет
liquidity_sweep          4h       535    34.8   +0.086     0.077   +0.010  0.8748      нет
retest                   4h      1810    48.3   -0.009     0.059   -0.068  0.0179       да
breakout                 4h      1070    42.1   -0.018     0.065   -0.083  0.0594      нет
structure_break          4h       300    37.3   -0.176     0.018   -0.194  0.0000       да
bounce                   4h       172     5.8   -0.236     0.052   -0.288  0.0187       да

сравнений 6, из них с плюсом 2; после поправки на перебор (FDR 0.05) значимых 3 — из них с плюсом 0.
«—» в столбце значимости — строка в счёт не вошла: сделок меньше 30 или нет разброса R по сделкам.

записано строк: 9 → /tmp/tf-4h.db
