окно 2026-08-08 … 2026-09-29 (53 суток), монет 8, таймфреймов 1

  BTCUSDT   5m   сделок   573  месяцев фандинга 1 (+1 нет в архиве)
  ETHUSDT   5m   сделок   541  месяцев фандинга 1 (+1 нет в архиве)
  SOLUSDT   5m   сделок   549  месяцев фандинга 1 (+1 нет в архиве)
  XRPUSDT   5m   сделок   574  месяцев фандинга 1 (+1 нет в архиве)
  DOGEUSDT  5m   сделок   561  месяцев фандинга 1 (+1 нет в архиве)
  ADAUSDT   5m   сделок   575  месяцев фандинга 1 (+1 нет в архиве)
  LINKUSDT  5m   сделок   547  месяцев фандинга 1 (+1 нет в архиве)
  AVAXUSDT  5m   сделок   543  месяцев фандинга 1 (+1 нет в архиве)

формация                 ТФ    сделок  цель %        R  издержки    R net       p  значимо
trendline_bounce         5m       122    50.8   +0.760     0.698   +0.062  0.6119      нет
structure_break          5m        44    40.9   +0.067     0.083   -0.016  0.8791      нет
bounce                   5m       225    11.1   +0.169     0.209   -0.040  0.6184      нет
retest                   5m      2635    57.7   -0.065     0.167   -0.232  0.0000       да
volume_splash            5m       125    19.2   -0.033     0.213   -0.245  0.0549      нет
breakout                 5m       923    51.0   -0.043     0.221   -0.264  0.0000       да
absorption               5m       156    34.0   +0.155     0.465   -0.310  0.0081       да
liquidity_sweep          5m       233    30.0   -0.044     0.504   -0.548  0.0000       да

сравнений 8, из них с плюсом 1; после поправки на перебор (FDR 0.05) значимых 4 — из них с плюсом 0.
«—» в столбце значимости — строка в счёт не вошла: сделок меньше 30 или нет разброса R по сделкам.

записано строк: 8 → /tmp/tf-5m.db
