BTCUSDT 5m: как_сейчас 3529, без_пропуска 3529, вход_по_рынку 3431
BTCUSDT 15m: как_сейчас 388, без_пропуска 388, вход_по_рынку 376
BTCUSDT 1h: как_сейчас 304, без_пропуска 304, вход_по_рынку 296
ETHUSDT 5m: как_сейчас 3414, без_пропуска 3414, вход_по_рынку 3289
ETHUSDT 15m: как_сейчас 434, без_пропуска 434, вход_по_рынку 424
ETHUSDT 1h: как_сейчас 231, без_пропуска 231, вход_по_рынку 224
SOLUSDT 5m: как_сейчас 3306, без_пропуска 3306, вход_по_рынку 3172
SOLUSDT 15m: как_сейчас 352, без_пропуска 352, вход_по_рынку 338
SOLUSDT 1h: как_сейчас 292, без_пропуска 292, вход_по_рынку 282

всего времени 3918 с

=== модель как_сейчас ===  сделок 12250
возр  доля %        R    R net  стоп %
   0    46.8   +0.042   -0.191    31.6
   1    31.0   -0.088   -0.312    39.5
   2    22.2   -0.064   -0.302    41.5
  итого: R -0.022, R net -0.253

=== модель без_пропуска ===  сделок 12250
возр  доля %        R    R net  стоп %
   0    46.8   +0.042   -0.191    31.6
   1    31.0   -0.076   -0.300    38.4
   2    22.2   -0.055   -0.292    40.1
  итого: R -0.016, R net -0.247

=== модель вход_по_рынку ===  сделок 11832
возр  доля %        R    R net  стоп %
   0    48.4   +0.012   -0.209    31.6
   1    30.6   -0.029   -0.434    39.8
   2    21.0   +0.034   -0.330    40.7
  итого: R +0.004, R net -0.303

=== разница «без_пропуска» минус «как_сейчас», по возрасту ===
возр  сделок      Δ R   Δ R net  Δ стоп, п.п.
   0    5736   +0.000    +0.000          +0.0
   1    3797   +0.012    +0.012          -1.1
   2    2717   +0.010    +0.010          -1.4
