дневные бары 2020-01 … 2026-08, монет 24
  ADAUSDT   свечей  2405  месяцев 80 (+0 нет в архиве)
  ATOMUSDT  свечей  2398  месяцев 79 (+1 нет в архиве)
  BATUSDT   свечей  2392  месяцев 79 (+1 нет в архиве)
  BCHUSDT   свечей  2435  месяцев 80 (+0 нет в архиве)
  BNBUSDT   свечей  2395  месяцев 79 (+1 нет в архиве)
  BTCUSDT   свечей  2435  месяцев 80 (+0 нет в архиве)
  DASHUSDT  свечей  2401  месяцев 79 (+1 нет в архиве)
  EOSUSDT   свечей  1961  месяцев 65 (+15 нет в архиве)
  ETCUSDT   свечей  2420  месяцев 80 (+0 нет в архиве)
  ETHUSDT   свечей  2435  месяцев 80 (+0 нет в архиве)
  IOSTUSDT  свечей  2384  месяцев 79 (+1 нет в архиве)
  IOTAUSDT  свечей  2388  месяцев 79 (+1 нет в архиве)
  LINKUSDT  свечей  2419  месяцев 80 (+0 нет в архиве)
  LTCUSDT   свечей  2422  месяцев 80 (+0 нет в архиве)
  NEOUSDT   свечей  2388  месяцев 79 (+1 нет в архиве)
  ONTUSDT   свечей  2394  месяцев 79 (+1 нет в архиве)
  QTUMUSDT  свечей  2385  месяцев 79 (+1 нет в архиве)
  TRXUSDT   свечей  2416  месяцев 80 (+0 нет в архиве)
  VETUSDT   свечей  2386  месяцев 79 (+1 нет в архиве)
  XLMUSDT   свечей  2411  месяцев 80 (+0 нет в архиве)
  XMRUSDT   свечей  2402  месяцев 79 (+1 нет в архиве)
  XRPUSDT   свечей  2425  месяцев 80 (+0 нет в архиве)
  XTZUSDT   свечей  2399  месяцев 79 (+1 нет в архиве)
  ZECUSDT   свечей  2395  месяцев 79 (+1 нет в архиве)
фандинг:
  фандинг ADAUSDT   начислений  7249 месяцев 80 (+0 нет в архиве)
  фандинг ATOMUSDT  начислений  7195 месяцев 79 (+1 нет в архиве)
  фандинг BATUSDT   начислений  7175 месяцев 79 (+1 нет в архиве)
  фандинг BCHUSDT   начислений  7305 месяцев 80 (+0 нет в архиве)
  фандинг BNBUSDT   начислений  7184 месяцев 79 (+1 нет в архиве)
  фандинг BTCUSDT   начислений  7305 месяцев 80 (+0 нет в архиве)
  фандинг DASHUSDT  начислений  7202 месяцев 79 (+1 нет в архиве)
  фандинг EOSUSDT   начислений  7283 месяцев 80 (+0 нет в архиве)
  фандинг ETCUSDT   начислений  7259 месяцев 80 (+0 нет в архиве)
  фандинг ETHUSDT   начислений  7305 месяцев 80 (+0 нет в архиве)
  фандинг IOSTUSDT  начислений  7151 месяцев 79 (+1 нет в архиве)
  фандинг IOTAUSDT  начислений  7178 месяцев 79 (+1 нет в архиве)
  фандинг LINKUSDT  начислений  7256 месяцев 80 (+0 нет в архиве)
  фандинг LTCUSDT   начислений  7280 месяцев 80 (+0 нет в архиве)
  фандинг NEOUSDT   начислений  7163 месяцев 79 (+1 нет в архиве)
  фандинг ONTUSDT   начислений  8394 месяцев 79 (+1 нет в архиве)
  фандинг QTUMUSDT  начислений  7125 месяцев 78 (+2 нет в архиве)
  фандинг TRXUSDT   начислений  7262 месяцев 80 (+0 нет в архиве)
  фандинг VETUSDT   начислений  7172 месяцев 79 (+1 нет в архиве)
  фандинг XLMUSDT   начислений  7249 месяцев 80 (+0 нет в архиве)
  фандинг XMRUSDT   начислений  7212 месяцев 79 (+1 нет в архиве)
  фандинг XRPUSDT   начислений  7289 месяцев 80 (+0 нет в архиве)
  фандинг XTZUSDT   начислений  8463 месяцев 79 (+1 нет в архиве)
  фандинг ZECUSDT   начислений  7202 месяцев 79 (+1 нет в архиве)
календарь 2435 дней, монет в панели 24, издержки 12.0 б.п. на круг

режим                          L   H интерв  экспоз в рынке оборот/год   всего %  CAGR %  Sharpe maxDD %
тренд long-only               28   5    481   0.468    0.93       49.5    +228.1   +19.5    0.64   -79.1
рынок: всегда в позиции       28   5    481   0.999    1.00        3.9     +80.0    +9.2    0.51   -84.0
контр-тренд (наоборот)        28   5    481   0.530    0.86       44.7     -74.0   -18.3    0.08   -91.0
шорт по тому же правилу       28   5    481   0.530    0.86       46.7     -92.6   -32.3   -0.16   -97.2
long-short                    28   5    481   0.998    1.00       31.6    +226.0   +19.4    0.59   -45.7

тренд против рынка: Sharpe 0.64 против 0.51, различие значимо (z 4.84, p 0.000)

контроль: случайный вход с той же плотностью 0.468, 200 прогонов
  Sharpe правила 0.64; у случайных медиана 0.43, 5 % лучших от 0.55, лучший 0.65
  доля случайных прогонов не хуже правила: 0.5%

по годам (L 28, H 5, издержки 12.0 б.п. на круг)
режим                          L   H интерв  экспоз в рынке оборот/год   всего %  CAGR %  Sharpe maxDD %
2021 тренд                    28   5     74   0.553    0.88        7.1    +329.9  +321.5    1.88   -58.0
2021 рынок                    28   5     74   1.000    1.00        0.9    +194.2  +189.9    1.54   -64.8
2022 тренд                    28   5     74   0.290    0.92       13.6     -63.0   -62.5   -0.80   -72.3
2022 рынок                    28   5     74   0.996    1.00        0.8     -67.3   -66.8   -1.11   -70.0
2023 тренд                    28   5     74   0.541    0.95       12.9     +62.1   +61.1    1.21   -28.1
2023 рынок                    28   5     74   1.000    1.00        0.6     +52.3   +51.4    1.11   -31.3
2024 тренд                    28   5     74   0.509    1.00       21.6     +23.0   +22.6    0.63   -54.1
2024 рынок                    28   5     74   1.000    1.00        1.1     +47.5   +46.7    0.86   -48.9
2025 тренд                    28   5     74   0.373    0.97       33.6     +29.1   +28.7    0.67   -50.0
2025 рынок                    28   5     74   0.999    1.00        1.9     -17.1   -16.9   -0.05   -45.3
2026 тренд                    28   5     49   0.384    0.84       53.6     -36.4   -49.0   -0.91   -49.3
2026 рынок                    28   5     49   1.000    1.00        2.8     -23.8   -33.3   -0.52   -44.0

числа записаны в /tmp/trend-hist.json
