дневные бары 2020-01 … 2026-08, монет 24
  панель из кеша: дней 2435, монет 24
фандинг:
  фандинг из кеша: монет 24, начислений 175858
календарь 2435 дней, монет в панели 24, издержки 12.0 б.п. на круг

режим                          L   H интерв  экспоз в рынке оборот/год   всего %  CAGR %  Sharpe maxDD %
тренд long-only               28   5    481   0.468    0.93       49.5    +228.1   +19.5    0.64   -79.1
рынок: всегда в позиции       28   5    481   0.999    1.00        3.9     +80.0    +9.2    0.51   -84.0
контр-тренд (наоборот)        28   5    481   0.530    0.86       44.7     -74.0   -18.3    0.08   -91.0
шорт по тому же правилу       28   5    481   0.530    0.86       46.7     -92.6   -32.3   -0.16   -97.2
long-short                    28   5    481   0.998    1.00       31.6    +226.0   +19.4    0.59   -45.7

тренд против рынка: Sharpe 0.64 против 0.51, различие значимо (z 4.84, p 0.000)

контроль: случайный вход с той же плотностью 0.468, 200 прогонов
  Sharpe правила 0.64; у случайных медиана 0.43, 5 % лучших от 0.55, лучший 0.65
  доля случайных прогонов не хуже правила: 0.5%

время жизни сигнала: сигнал по закрытию дня i, вход по открытию дня i+лаг (лаг 1 — по умолчанию)

 лаг  интерв  экспоз оборот/год   всего %   тренд   рынок       p   различие
   1     481   0.468       49.5    +228.1    0.64    0.51   0.000    значимо
   2     480   0.468       49.5    +151.0    0.59    0.50   0.000    значимо
   3     480   0.466       49.7     +47.0    0.46    0.48   0.452 не значимо
   5     480   0.467       49.9     +46.1    0.46    0.51   0.028    значимо
  10     479   0.467       49.6     -12.4    0.36    0.49   0.000    значимо

числа записаны в /tmp/trend-hist.json
