дневные бары 2020-01 … 2026-08, монет 8
  панель из кеша: дней 2435, монет 8
фандинг:
  фандинг из кеша: монет 8, начислений 56253
календарь 2435 дней, монет в панели 8, издержки 12.0 б.п. на круг

режим                          L   H интерв  экспоз в рынке оборот/год   всего %  CAGR %  Sharpe maxDD %
тренд long-only               28   5    481   0.486    0.75       36.1   +8228.1   +94.1    1.24   -76.3
рынок: всегда в позиции       28   5    481   0.999    1.00        3.9   +1910.9   +56.8    0.97   -81.2
контр-тренд (наоборот)        28   5    481   0.514    0.78       37.5     -73.5   -18.1    0.07   -91.7
шорт по тому же правилу       28   5    481   0.514    0.78       39.8     -92.0   -31.6   -0.14   -97.1
long-short                    28   5    481   0.999    1.00       30.7   +4939.8   +80.0    1.22   -51.9

тренд против рынка: Sharpe 1.24 против 0.97, различие значимо (z 7.93, p 0.000)

контроль: случайный вход с той же плотностью 0.486, 200 прогонов
  Sharpe правила 1.24; у случайных медиана 0.79, 5 % лучших от 1.06, лучший 1.11
  доля случайных прогонов не хуже правила: 0.0%

по годам (L 28, H 5, издержки 12.0 б.п. на круг)
режим                          L   H интерв  экспоз в рынке оборот/год   всего %  CAGR %  Sharpe maxDD %
2021 тренд                    28   5     74   0.574    0.84        6.2   +1861.3 +1783.9    3.07   -48.0
2021 рынок                    28   5     74   1.000    1.00        1.2   +1334.4 +1283.7    2.80   -55.0
2022 тренд                    28   5     74   0.288    0.59        9.1     -58.6   -58.1   -0.72   -63.8
2022 рынок                    28   5     74   0.997    1.00        0.8     -71.7   -71.2   -1.09   -74.3
2023 тренд                    28   5     74   0.549    0.81        8.4    +175.2  +171.5    2.15   -28.6
2023 рынок                    28   5     74   1.000    1.00        0.7    +164.3  +160.8    1.99   -30.6
2024 тренд                    28   5     74   0.549    0.80       16.5     +52.9   +52.1    0.94   -53.0
2024 рынок                    28   5     74   1.000    1.00        1.1     +96.8   +95.0    1.26   -44.9
2025 тренд                    28   5     74   0.390    0.70       24.4     +15.2   +15.0    0.51   -43.6
2025 рынок                    28   5     74   1.000    1.00        1.3     -35.8   -35.4   -0.35   -51.6
2026 тренд                    28   5     49   0.444    0.67       46.7     -17.6   -25.0   -0.48   -34.1
2026 рынок                    28   5     49   1.000    1.00        1.5     -26.9   -37.3   -0.53   -49.1

проверка вне выбора параметров: сетка 22 конфигураций, выбор по всей истории до года, purge 30 дней
  2024: выбрано L112 H3, IS Sharpe 1.79 (медиана сетки 1.26), на году 0.73; фиксированное правило 0.94, рынок 1.26
  2025: выбрано L112 H3, IS Sharpe 1.68 (медиана сетки 1.33), на году -0.26; фиксированное правило 0.51, рынок -0.35
  2026: выбрано L28 H5, IS Sharpe 1.37 (медиана сетки 1.05), на году -0.48; фиксированное правило -0.48, рынок -0.53

  год    выбрано  IS Sharpe  медиана  OOS выбор  OOS 28/5  OOS рынок   всего %   maxDD %
 2024    L112 H3       1.79     1.26       0.73      0.94       1.26     +31.4     -61.6
 2025    L112 H3       1.68     1.33      -0.26      0.51      -0.35     -29.4     -45.9
 2026     L28 H5       1.37     1.05      -0.48     -0.48      -0.53     -17.6     -34.1

медиана Sharpe по годам вне выбора: выбор -0.26, правило 28/5 0.51, рынок -0.35
правило 28/5 обошло рынок в 2 из 3 лет вне выбора
медиана Sharpe по сетке на тех же IS-окнах: 1.22 (с ней и надо сравнивать: если выбор лучшего на OOS не лучше медианы, выбор параметров не работает)

сетка: lookback × holding
режим                          L   H интерв  экспоз в рынке оборот/год   всего %  CAGR %  Sharpe maxDD %
long L7 H1                     7   1   2426   0.495    0.78      181.3   +1919.2   +56.9    0.99   -81.1
long L7 H3                     7   3    808   0.496    0.78       90.2   +5586.1   +83.4    1.19   -72.2
long L7 H5                     7   5    485   0.500    0.78       62.8    +276.9   +22.0    0.64   -78.7
long L14 H1                   14   1   2419   0.491    0.77      136.8   +1684.3   +54.1    0.97   -80.7
long L14 H3                   14   3    806   0.486    0.76       66.0   +1491.6   +51.5    0.94   -83.7
long L14 H5                   14   5    483   0.483    0.77       47.5   +2579.0   +63.9    1.02   -76.8
long L14 H10                  14  10    241   0.480    0.75       29.5   +3062.2   +68.2    0.99   -81.8
long L28 H1                   28   1   2405   0.489    0.76       99.1   +6549.4   +87.6    1.22   -81.2
long L28 H3                   28   3    801   0.489    0.76       52.3   +7900.9   +93.0    1.25   -81.9
long L28 H5                   28   5    481   0.486    0.75       36.1   +8228.1   +94.1    1.24   -76.3
long L28 H10                  28  10    240   0.482    0.75       23.2   +2596.6   +64.1    0.96   -83.0
long L28 H20                  28  20    120   0.491    0.75       15.1   +1291.7   +48.5    0.76   -75.1
long L56 H1                   56   1   2377   0.490    0.76       75.4    +537.8   +32.0    0.76   -84.1
long L56 H3                   56   3    792   0.489    0.77       38.1   +1449.9   +50.9    0.93   -78.1
long L56 H5                   56   5    475   0.485    0.75       28.8    +692.2   +36.4    0.78   -84.9
long L56 H10                  56  10    237   0.476    0.75       18.5   +1988.8   +57.9    0.91   -81.8
long L56 H20                  56  20    118   0.491    0.75       11.7    +421.6   +28.3    0.67   -91.5
long L112 H1                 112   1   2321   0.491    0.77       51.5   +6442.0   +87.2    1.23   -71.0
long L112 H3                 112   3    773   0.489    0.77       26.9   +5491.2   +82.9    1.22   -65.9
long L112 H5                 112   5    464   0.493    0.78       21.0   +5112.7   +81.0    1.17   -70.7
long L112 H10                112  10    232   0.490    0.78       13.4   +3599.3   +71.9    0.99   -72.4
long L112 H20                112  20    116   0.492    0.76        7.5   +3581.1   +71.8    0.92   -60.4

сравнений 22, из них с плюсом 22; после поправки на перебор (FDR 0.05) значимых 17

время жизни сигнала: сигнал по закрытию дня i, вход по открытию дня i+лаг (лаг 1 — по умолчанию)

 лаг  интерв  экспоз оборот/год   всего %   тренд   рынок       p   различие
   1     481   0.486       36.1   +8228.1    1.24    0.97   0.000    значимо
   2     480   0.485       36.2   +4725.2    1.12    0.96   0.000    значимо
   3     480   0.484       36.2   +2038.3    0.99    0.94   0.144 не значимо
   5     480   0.484       36.6   +1454.2    0.90    0.97   0.032    значимо
  10     479   0.483       36.1    +947.2    0.83    0.95   0.000    значимо

числа записаны в /tmp/trend-all.json
